// Jest Snapshot v1, https://goo.gl/fbAQLP

exports[`FeedItemModal should render 1`] = `
<div
  data-id="Modal"
>
  <div
    data-id="FeedItemDetails"
  />
</div>
`;
