// Jest Snapshot v1, https://goo.gl/fbAQLP

exports[`FeedListIngredients should render 1`] = `
<div
  className="Ingredients"
>
  FeedListIngredient
  FeedListIngredient
  FeedListIngredient
  FeedListIngredient
  FeedListIngredient
  FeedListIngredient
</div>
`;
